Plan for project "web" on environment "prod"

Context:   kind-dev
Namespace: prod
Release:   web
Revision:  1

Resources

  + create v1/Namespace "prod"
  + apiVersion: v1
  + kind: Namespace
  + metadata:
  +   name: prod
  +   labels:
  +     name: prod

  + create example.com/v1/Widget "app"
  + apiVersion: example.com/v1
  + kind: Widget
  + metadata:
  +   name: app
  +   namespace: prod
  + spec:
  +   color: blue
  +   size: large

Diagnostics

  warning prediction_limitation example.com/v1/Widget "app": target namespace is created earlier in this deployment

Summary
  Resources: 2 create, 0 update, 0 delete
