Plan for project "web" on environment "prod"

Context:   production-eu
Namespace: prod
Release:   web
Revision:  12

Resources

  ~ update v1/ConfigMap "web"
    data:
  -   key: v1
  +   key: v2

Diagnostics

  warning prediction_limitation v1/ConfigMap "web": prediction is not exact: managed-fields-migration

Summary
  Resources: 0 create, 1 update, 0 delete
