Plan for project "web" on environment "prod"

Context:   production-eu
Namespace: prod
Release:   web
Revision:  12

Resources

  + create v1/ConfigMap "app"
  + apiVersion: v1
  + kind: ConfigMap
  + metadata:
  +   name: app
  +   namespace: prod
  +   annotations:
  +     example.com/keep: yes
  +   labels:
  +     app: web
  + data:
  +   key: v1

  - delete v1/ConfigMap "old"
  - apiVersion: v1
  - kind: ConfigMap
  - metadata:
  -   name: old
  -   namespace: prod
  -   annotations:
  -     example.com/keep: yes
  -   labels:
  -     app: web
  - data:
  -   key: v1

  ~ update v1/ConfigMap "web"
    data:
  -   key: v1
  +   key: v2

Tasks

  preDeploy

    ~ migrate  changed, will run

      ~ update v1/ConfigMap "web-migrate-env"
        data:
      -   key: v1
      +   key: v2

    seed  will run

  postDeploy

    + smoke  new, will run

      + create batch/v1/Job "web-smoke"
      + apiVersion: batch/v1
      + kind: Job
      + metadata:
      +   name: web-smoke
      +   namespace: prod
      +   annotations:
      +     helm.sh/hook: post-install,post-upgrade
      +     helm.sh/hook-weight: "0"
      +   labels:
      +     deployah.dev/task: smoke
      + spec:
      +   backoffLimit: 1
      +   template:
      +     spec:
      +       containers:
      +         - command:
      +             - ./smoke
      +           image: ghcr.io/example/web:1.2.3
      +           name: smoke
      +       restartPolicy: OnFailure

    - old-check  removed

      - delete batch/v1/Job "web-old-check"
      - apiVersion: batch/v1
      - kind: Job
      - metadata:
      -   name: web-old-check
      -   namespace: prod
      -   annotations:
      -     helm.sh/hook: post-install,post-upgrade
      -     helm.sh/hook-weight: "1"
      -   labels:
      -     deployah.dev/task: old-check
      - spec:
      -   backoffLimit: 1
      -   template:
      -     spec:
      -       containers:
      -         - command:
      -             - ./old-check
      -           image: ghcr.io/example/web:1.2.3
      -           name: old-check
      -       restartPolicy: OnFailure

  schedule

    ~ cleanup  changed

      ~ update batch/v1/CronJob "web-cleanup"
        spec:
      -   schedule: 0 2 * * *
      +   schedule: 0 3 * * *

Summary
  Resources: 1 create, 2 update, 1 delete
  Tasks: 3 to run, 1 schedule changed
