Title	Plan for project "web" on environment "prod"
Primary	Context:   production-eu
Primary	Namespace: prod
Primary	Release:   web
Primary	Revision:  12
Title	Drift
DiffRemoved	  - missing v1/ConfigMap "other"
DiffRemoved	  - apiVersion: v1
DiffRemoved	  - kind: ConfigMap
DiffRemoved	  - metadata:
DiffRemoved	  -   name: other
DiffRemoved	  -   namespace: prod
DiffRemoved	  - data:
DiffRemoved	  -   key: gone
Title	Summary
Primary	  Resources: 0 create, 0 update, 0 delete
Primary	  Drift: 0 modified, 1 missing, 0 unexpected
